init       [29, 18, 9]
goal       [63, 35, 24]
tickets    [9, 7, 9]
time       0.0
error
solution   [[[], [29, 18, 9]], [[0, 1, 1], [46, 35, 38]], [[0, 1, 1], [49, 18, 11]], [[0, 1, 0], [63, 35, 24]]]
any order  False