init       [51, 41, 69]
goal       [97, 13, 42]
tickets    [9, 8, 8]
time       0.0
error
solution   [[[], [51, 41, 69]], [[0, 0, 2], [63, 53, 109]], [[1, 0, 2], [84, 53, 69]], [[1, 0, 2], [109, 42, 60]], [[0, 1, 1], [97, 13, 42]]]
any order  False