init       [60, 80, 72]
goal       [7, 113, 75]
tickets    [8, 7, 9]
time       0.0
error
solution   [[[], [60, 80, 72]], [[2, 0, 2], [72, 90, 109]], [[2, 0, 2], [40, 111, 72]], [[2, 0, 2], [8, 112, 56]], [[0, 0, 0], [7, 113, 75]]]
any order  False