init       [32, 56, 47]
goal       [35, 93, 61]
tickets    [8, 8, 9]
time       0.0
error
solution   [[[], [32, 56, 47]], [[0, 2, 1], [35, 72, 45]], [[1, 2, 1], [18, 56, 44]], [[1, 1, 1], [35, 93, 61]]]
any order  False