init       [34, 36, 32]
goal       [69, 44, 34]
tickets    [9, 7, 7]
time       0.0
error
solution   [[[], [34, 36, 32]], [[0, 0, 0], [35, 44, 18]], [[0, 1, 1], [30, 61, 33]], [[2, 1, 0], [69, 44, 34]]]
any order  False