init       [83, 92, 95]
goal       [83, 72, 111]
tickets    [7, 7, 6]
time       0.0
error
solution   [[[], [83, 92, 95]], [[1, 1, 1], [97, 56, 113]], [[1, 2, 1], [83, 72, 111]]]
any order  False