init       [17, 96, 11]
goal       [29, 87, 5]
tickets    [8, 7, 7]
time       0.0
error
solution   [[[], [17, 96, 11]], [[0, 0, 1], [30, 110, 38]], [[2, 0, 1], [69, 111, 40]], [[2, 1, 2], [30, 97, 56]], [[0, 0, 1], [29, 87, 5]]]
any order  False