init       [48, 83, 65]
goal       [60, 83, 72]
tickets    [8, 8, 9]
time       31.25
error
solution   [[[], [48, 83, 65]], [[0, 1, 1], [66, 97, 67]], [[0, 1, 1], [65, 109, 69]], [[1, 1, 2], [69, 84, 109]], [[2, 0, 2], [60, 83, 72]]]
any order  False