init       [73, 82, 29]
goal       [113, 109, 35]
tickets    [9, 9, 8]
time       0.0
error
solution   [[[], [73, 82, 29]], [[0, 0, 0], [79, 88, 46]], [[1, 0, 0], [92, 97, 47]], [[1, 1, 1], [113, 109, 35]]]
any order  False