init       [89, 15, 29]
goal       [111, 28, 84]
tickets    [8, 8, 7]
time       0.0
error
solution   [[[], [89, 15, 29]], [[0, 0, 0], [111, 28, 46]], [[1, 1, 0], [97, 26, 45]], [[0, 0, 1], [110, 27, 63]], [[0, 0, 1], [111, 28, 84]]]
any order  False