init       [67, 35, 44]
goal       [17, 29, 26]
tickets    [8, 6, 9]
time       0.0
error
solution   [[[], [67, 35, 44]], [[1, 1, 1], [69, 47, 61]], [[2, 0, 1], [30, 46, 44]], [[0, 0, 1], [17, 29, 26]]]
any order  False