init       [102, 104, 90]
goal       [47, 83, 113]
tickets    [6, 6, 6]
time       0.0
error
solution   [[[], [102, 104, 90]], [[0, 0, 0], [103, 105, 111]], [[0, 2, 1], [67, 69, 97]], [[1, 2, 1], [65, 60, 111]], [[1, 1, 1], [47, 83, 113]]]
any order  False