init       [103, 88, 28]
goal       [106, 71, 28]
tickets    [8, 9, 8]
time       0.0
error
solution   [[[], [103, 88, 28]], [[0, 0, 1], [105, 82, 45]], [[0, 0, 1], [106, 71, 28]]]
any order  False