init       [43, 63, 36]
goal       [30, 47, 13]
tickets    [6, 8, 7]
time       0.0
error
solution   [[[], [43, 63, 36]], [[0, 1, 0], [60, 45, 42]], [[2, 1, 1], [30, 47, 13]]]
any order  False