init       [34, 100, 24]
goal       [35, 105, 38]
tickets    [6, 7, 9]
time       0.0
error
solution   [[[], [34, 100, 24]], [[0, 1, 0], [35, 109, 38]], [[1, 2, 1], [18, 69, 40]], [[1, 2, 1], [35, 105, 38]]]
any order  False