init       [3, 54, 27]
goal       [38, 72, 33]
tickets    [6, 7, 8]
time       0.0
error
solution   [[[], [3, 54, 27]], [[0, 0, 0], [8, 59, 28]], [[2, 0, 1], [40, 71, 35]], [[1, 1, 1], [38, 72, 33]]]
any order  False