init       [60, 28, 31]
goal       [72, 13, 35]
tickets    [6, 7, 8]
time       15.625
error
solution   [[[], [60, 28, 31]], [[1, 1, 0], [71, 26, 32]], [[1, 1, 0], [72, 13, 35]]]
any order  False