init       [88, 63, 69]
goal       [109, 30, 71]
tickets    [9, 6, 7]
time       0.0
error
solution   [[[], [88, 63, 69]], [[0, 1, 2], [97, 69, 60]], [[1, 2, 1], [109, 30, 71]]]
any order  False