init       [84, 31, 12]
goal       [88, 32, 13]
tickets    [8, 7, 9]
time       0.0
error
solution   [[[], [84, 31, 12]], [[1, 0, 0], [109, 35, 37]], [[0, 1, 0], [97, 18, 42]], [[0, 0, 1], [88, 32, 13]]]
any order  False