init       [60, 16, 55]
goal       [97, 83, 113]
tickets    [6, 9, 9]
time       0.0
error
solution   [[[], [60, 16, 55]], [[2, 0, 1], [72, 29, 40]], [[2, 0, 2], [109, 30, 72]], [[2, 2, 1], [72, 60, 95]], [[1, 1, 1], [97, 83, 113]]]
any order  False