init       [95, 22, 77]
goal       [56, 38, 92]
tickets    [6, 9, 9]
time       0.0
error
solution   [[[], [95, 22, 77]], [[1, 0, 0], [79, 21, 78]], [[1, 0, 0], [56, 38, 92]]]
any order  False