init       [33, 36, 66]
goal       [63, 13, 66]
tickets    [7, 8, 9]
time       0.0
error
solution   [[[], [33, 36, 66]], [[1, 0, 0], [67, 44, 104]], [[1, 0, 0], [105, 43, 66]], [[2, 0, 0], [69, 42, 104]], [[1, 1, 0], [63, 13, 66]]]
any order  False