init       [110, 83, 98]
goal       [81, 69, 45]
tickets    [9, 7, 9]
time       0.0
error
solution   [[[], [110, 83, 98]], [[0, 1, 0], [111, 97, 109]], [[1, 1, 2], [97, 109, 69]], [[1, 1, 0], [72, 100, 63]], [[0, 1, 1], [81, 69, 45]]]
any order  False