init       [22, 56, 90]
goal       [40, 79, 89]
tickets    [9, 7, 8]
time       0.0
error
solution   [[[], [22, 56, 90]], [[0, 1, 0], [21, 92, 111]], [[0, 1, 0], [40, 79, 89]]]
any order  False