init       [13, 54, 105]
goal       [12, 97, 69]
tickets    [8, 9, 8]
time       0.0
error
solution   [[[], [13, 54, 105]], [[2, 0, 2], [40, 59, 69]], [[2, 0, 2], [13, 72, 109]], [[0, 1, 2], [12, 97, 69]]]
any order  False