init       [47, 112, 54]
goal       [61, 95, 40]
tickets    [8, 7, 9]
time       0.0
error
solution   [[[], [47, 112, 54]], [[1, 0, 0], [45, 113, 59]], [[1, 0, 0], [44, 112, 72]], [[1, 0, 2], [61, 95, 40]]]
any order  False