init       [95, 60, 71]
goal       [79, 60, 40]
tickets    [9, 9, 9]
time       0.0
error
solution   [[[], [95, 60, 71]], [[0, 2, 1], [91, 69, 72]], [[0, 2, 2], [79, 60, 40]]]
any order  False