init       [34, 86, 109]
goal       [61, 109, 100]
tickets    [8, 6, 6]
time       0.0
error
solution   [[[], [34, 86, 109]], [[0, 0, 2], [35, 109, 69]], [[0, 2, 2], [30, 69, 109]], [[2, 1, 2], [60, 100, 69]], [[1, 1, 1], [61, 109, 100]]]
any order  False