init       [88, 64, 14]
goal       [83, 69, 40]
tickets    [6, 7, 8]
time       0.0
error
solution   [[[], [88, 64, 14]], [[0, 0, 0], [97, 68, 13]], [[1, 0, 2], [83, 69, 40]]]
any order  False