init       [53, 20, 35]
goal       [56, 38, 65]
tickets    [8, 9, 9]
time       0.0
error
solution   [[[], [53, 20, 35]], [[0, 0, 1], [40, 53, 47]], [[2, 0, 1], [56, 38, 65]]]
any order  False