init       [83, 48, 85]
goal       [42, 33, 65]
tickets    [8, 8, 8]
time       0.0
error
solution   [[[], [83, 48, 85]], [[1, 0, 0], [71, 66, 100]], [[1, 0, 1], [60, 48, 69]], [[1, 0, 1], [42, 33, 65]]]
any order  False