init       [7, 15, 78]
goal       [40, 72, 93]
tickets    [6, 7, 7]
time       15.625
error
solution   [[[], [7, 15, 78]], [[0, 0, 0], [39, 14, 93]], [[0, 0, 1], [55, 13, 113]], [[1, 2, 1], [72, 40, 92]], [[2, 2, 1], [40, 72, 93]]]
any order  False