init       [88, 37, 100]
goal       [83, 60, 98]
tickets    [8, 7, 7]
time       0.0
error
solution   [[[], [88, 37, 100]], [[0, 0, 1], [97, 42, 109]], [[1, 1, 0], [83, 60, 98]]]
any order  False