init       [103, 88, 26]
goal       [105, 83, 35]
tickets    [6, 8, 9]
time       0.0
error
solution   [[[], [103, 88, 26]], [[0, 0, 1], [105, 97, 13]], [[2, 0, 2], [69, 87, 30]], [[2, 0, 0], [105, 83, 35]]]
any order  False