init       [78, 46, 94]
goal       [40, 46, 72]
tickets    [6, 9, 6]
time       0.0
error
solution   [[[], [78, 46, 94]], [[0, 0, 0], [93, 47, 113]], [[1, 1, 1], [56, 45, 95]], [[2, 0, 1], [40, 46, 72]]]
any order  False