init       [41, 39, 68]
goal       [60, 2, 66]
tickets    [8, 8, 6]
time       15.625
error
solution   [[[], [41, 39, 68]], [[0, 0, 0], [53, 22, 69]], [[0, 0, 1], [42, 7, 65]], [[1, 0, 0], [60, 2, 66]]]
any order  False