init       [73, 94, 98]
goal       [21, 113, 69]
tickets    [8, 6, 6]
time       0.0
error
solution   [[[], [73, 94, 98]], [[0, 0, 0], [72, 113, 109]], [[2, 1, 1], [40, 93, 100]], [[0, 1, 1], [21, 113, 69]]]
any order  False