init       [32, 7, 111]
goal       [26, 38, 109]
tickets    [9, 6, 7]
time       0.0
error
solution   [[[], [32, 7, 111]], [[0, 0, 1], [35, 39, 97]], [[1, 0, 1], [28, 23, 72]], [[1, 0, 2], [26, 38, 109]]]
any order  False