init       [29, 37, 62]
goal       [65, 56, 67]
tickets    [9, 9, 6]
time       0.0
error
solution   [[[], [29, 37, 62]], [[0, 0, 0], [46, 42, 63]], [[0, 1, 1], [49, 60, 69]], [[0, 2, 2], [64, 72, 105]], [[0, 2, 1], [65, 56, 67]]]
any order  False