init       [62, 43, 91]
goal       [35, 97, 56]
tickets    [6, 8, 9]
time       62.5
error
solution   [[[], [62, 43, 91]], [[0, 0, 0], [63, 60, 95]], [[1, 2, 1], [69, 72, 113]], [[2, 2, 1], [30, 109, 93]], [[0, 0, 1], [35, 97, 56]]]
any order  False