init       [112, 97, 89]
goal       [79, 97, 72]
tickets    [9, 7, 7]
time       0.0
error
solution   [[[], [112, 97, 89]], [[0, 1, 0], [95, 109, 81]], [[1, 0, 0], [79, 97, 72]]]
any order  False