init       [71, 112, 104]
goal       [60, 72, 63]
tickets    [9, 6, 9]
time       15.625
error
solution   [[[], [71, 112, 104]], [[1, 0, 0], [83, 113, 105]], [[1, 1, 2], [71, 95, 69]], [[1, 1, 1], [60, 72, 63]]]
any order  False