init       [49, 48, 82]
goal       [29, 107, 72]
tickets    [9, 8, 9]
time       0.0
error
solution   [[[], [49, 48, 82]], [[0, 0, 0], [64, 66, 88]], [[0, 0, 0], [69, 104, 97]], [[2, 0, 1], [30, 105, 109]], [[0, 1, 2], [29, 107, 72]]]
any order  False