init       [79, 54, 42]
goal       [55, 88, 11]
tickets    [6, 8, 8]
time       0.0
error
solution   [[[], [79, 54, 42]], [[1, 0, 1], [92, 59, 60]], [[1, 0, 2], [79, 72, 30]], [[1, 1, 2], [56, 97, 13]], [[1, 0, 1], [55, 88, 11]]]
any order  False