init       [10, 2, 91]
goal       [40, 13, 92]
tickets    [7, 6, 9]
time       0.0
error
solution   [[[], [10, 2, 91]], [[0, 0, 0], [24, 7, 95]], [[0, 0, 1], [38, 8, 113]], [[1, 2, 1], [40, 13, 92]]]
any order  False