init       [96, 60, 88]
goal       [97, 11, 71]
tickets    [8, 8, 6]
time       0.0
error
solution   [[[], [96, 60, 88]], [[0, 2, 0], [110, 30, 97]], [[0, 2, 1], [111, 13, 83]], [[1, 1, 1], [97, 11, 71]]]
any order  False