init       [104, 46, 94]
goal       [98, 32, 95]
tickets    [8, 9, 8]
time       0.0
error
solution   [[[], [104, 46, 94]], [[0, 0, 0], [105, 47, 113]], [[2, 1, 1], [69, 35, 93]], [[2, 1, 1], [109, 18, 113]], [[0, 0, 1], [98, 32, 95]]]
any order  False