init       [38, 9, 33]
goal       [26, 40, 65]
tickets    [7, 7, 7]
time       0.0
error
solution   [[[], [38, 9, 33]], [[1, 1, 1], [40, 38, 67]], [[2, 0, 1], [13, 53, 69]], [[1, 0, 1], [26, 40, 65]]]
any order  False