init       [62, 34, 32]
goal       [61, 69, 67]
tickets    [6, 9, 9]
time       0.0
error
solution   [[[], [62, 34, 32]], [[0, 0, 0], [70, 35, 18]], [[0, 0, 1], [84, 30, 33]], [[1, 2, 1], [61, 69, 67]]]
any order  False